Warning: DOSSEG directive ignored in module PRAC8.ASM
Warning: DOSSEG directive ignored in module ASTR.ASM
Warning: DOSSEG directive ignored in module STR_IO.ASM

 Start  Stop   Length Name               Class

 00000H 000ECH 000EDH _TEXT              CODE
 000F0H 0023DH 0014EH _DATA              DATA
 00240H 0033FH 00100H STACK              STACK


Detailed map of segments

 0000:0000 0067 C=CODE   S=_TEXT          G=(none)   M=PRAC8.ASM  ACBP=48
 0000:0068 0027 C=CODE   S=_TEXT          G=(none)   M=ASTR.ASM   ACBP=48
 0000:0090 005D C=CODE   S=_TEXT          G=(none)   M=STR_IO.ASM ACBP=48
 000F:0000 014E C=DATA   S=_DATA          G=DGROUP  M=PRAC8.ASM  ACBP=48
 000F:014E 0000 C=DATA   S=_DATA          G=DGROUP  M=ASTR.ASM   ACBP=48
 000F:014E 0000 C=DATA   S=_DATA          G=DGROUP  M=STR_IO.ASM ACBP=48
 000F:0150 0100 C=STACK  S=STACK          G=DGROUP  M=PRAC8.ASM  ACBP=74

  Address         Publics by Name

 0000:00A4       AGETS
 0000:0090       APUTS
 0000:0068       ASTRCAT
 0000:007C       ASTRCMP

  Address         Publics by Value

 0000:0068       ASTRCAT
 0000:007C       ASTRCMP
 0000:0090       APUTS
 0000:00A4       AGETS

Line numbers for prac8.obj(PRAC8.ASM) segment _TEXT

    25 0000:0000    26 0000:0003    27 0000:0005    30 0000:0007
    31 0000:000A    34 0000:000D    35 0000:0010    38 0000:0013
    39 0000:0016    42 0000:0019    43 0000:001C    46 0000:001F
    47 0000:0022    50 0000:0025    51 0000:0028    52 0000:002B
    57 0000:002E    60 0000:0033    61 0000:0036    62 0000:0039
    66 0000:003C    67 0000:003F    68 0000:0042    70 0000:0044
    71 0000:0047    73 0000:0049    77 0000:004C    80 0000:004F
    81 0000:0052    84 0000:0055    85 0000:0058    88 0000:005B
    89 0000:005D    92 0000:0060    93 0000:0062    94 0000:0065
Line numbers for astr.obj(ASTR.ASM) segment _TEXT

     9 0000:0068    10 0000:0069    11 0000:006A    13 0000:006B
    14 0000:006D    17 0000:006E    18 0000:006F    20 0000:0071
    23 0000:0072    24 0000:0073    25 0000:0074    26 0000:0076
    29 0000:0078    30 0000:0079    31 0000:007A    32 0000:007B
    36 0000:007C    39 0000:007D    40 0000:0080    41 0000:0082
    42 0000:0083    43 0000:0085    46 0000:0087    47 0000:0088
    50 0000:0089    51 0000:008B    52 0000:008D    53 0000:008E
Line numbers for str_io.obj(STR_IO.ASM) segment _TEXT

    11 0000:0090    12 0000:0091    13 0000:0092    16 0000:0093
    17 0000:0094    18 0000:0096    20 0000:0098    21 0000:009A
    22 0000:009C    24 0000:009E    27 0000:00A0    28 0000:00A1
    29 0000:00A2    30 0000:00A3    36 0000:00A4    37 0000:00A5
    38 0000:00A6    39 0000:00A7    40 0000:00A8    42 0000:00A9
    43 0000:00AB    46 0000:00AC    47 0000:00AE    50 0000:00B0
    51 0000:00B2    54 0000:00B4    55 0000:00B6    58 0000:00B8
    61 0000:00BA    62 0000:00BB    65 0000:00BC    66 0000:00BE
    67 0000:00C0    69 0000:00C2    73 0000:00C4    74 0000:00C6
    77 0000:00C8    78 0000:00C9    81 0000:00CA    82 0000:00CC
    83 0000:00CE    84 0000:00D0    85 0000:00D2    86 0000:00D4
    87 0000:00D6    89 0000:00D8    92 0000:00DA    93 0000:00DC
    96 0000:00DD    97 0000:00DF    98 0000:00E1    99 0000:00E3
   100 0000:00E5   102 0000:00E7   103 0000:00E8   104 0000:00E9
   105 0000:00EA   106 0000:00EB   107 0000:00EC
Program entry point at 0000:0000

