Warning: DOSSEG directive ignored in module SUMACUAD.ASM
Warning: DOSSEG directive ignored in module STR_IO.ASM
Warning: DOSSEG directive ignored in module ITOA.ASM
Warning: DOSSEG directive ignored in module FUNC.ASM

 Start  Stop   Length Name               Class

 00000H 002F5H 002F6H _TEXT              CODE
 00300H 00383H 00084H _DATA              DATA
 00390H 0048FH 00100H STACK              STACK


Detailed map of segments

 0000:0000 0097 C=CODE   S=_TEXT          G=(none)   M=SUMACUAD.ASM ACBP=48
 0000:0098 005D C=CODE   S=_TEXT          G=(none)   M=STR_IO.ASM ACBP=48
 0000:00F6 00F2 C=CODE   S=_TEXT          G=(none)   M=ITOA.ASM   ACBP=48
 0000:01E8 010E C=CODE   S=_TEXT          G=(none)   M=FUNC.ASM   ACBP=48
 0030:0000 0084 C=DATA   S=_DATA          G=DGROUP  M=SUMACUAD.ASM ACBP=48
 0030:0084 0000 C=DATA   S=_DATA          G=DGROUP  M=STR_IO.ASM ACBP=48
 0030:0084 0000 C=DATA   S=_DATA          G=DGROUP  M=ITOA.ASM   ACBP=48
 0030:0084 0000 C=DATA   S=_DATA          G=DGROUP  M=FUNC.ASM   ACBP=48
 0030:0090 0100 C=STACK  S=STACK          G=DGROUP  M=SUMACUAD.ASM ACBP=74

  Address         Publics by Name

 0000:021C       AATOI
 0000:00AC       AGETS
 0000:0098       APUTS
 0000:02D2       ASTRCAT
 0000:0275 idle  ATOU
 0000:00F6       ITOA
 0000:01A7 idle  ITOA_BIN
 0000:015B idle  ITOA_HEX
 0000:0250 idle  OBTENBASE
 0000:01E8 idle  SSCAN
 0000:011A idle  ULTOA
 0000:0294 idle  VALC

  Address         Publics by Value

 0000:0098       APUTS
 0000:00AC       AGETS
 0000:00F6       ITOA
 0000:011A idle  ULTOA
 0000:015B idle  ITOA_HEX
 0000:01A7 idle  ITOA_BIN
 0000:01E8 idle  SSCAN
 0000:021C       AATOI
 0000:0250 idle  OBTENBASE
 0000:0275 idle  ATOU
 0000:0294 idle  VALC
 0000:02D2       ASTRCAT

Line numbers for str_io.obj(STR_IO.ASM) segment _TEXT

    11 0000:0098    12 0000:0099    13 0000:009A    16 0000:009B
    17 0000:009C    18 0000:009E    20 0000:00A0    21 0000:00A2
    22 0000:00A4    24 0000:00A6    27 0000:00A8    28 0000:00A9
    29 0000:00AA    30 0000:00AB    36 0000:00AC    37 0000:00AD
    38 0000:00AE    39 0000:00AF    40 0000:00B0    42 0000:00B1
    43 0000:00B3    46 0000:00B4    47 0000:00B6    50 0000:00B8
    51 0000:00BA    54 0000:00BC    55 0000:00BE    58 0000:00C0
    61 0000:00C2    62 0000:00C3    65 0000:00C4    66 0000:00C6
    67 0000:00C8    69 0000:00CA    73 0000:00CC    74 0000:00CE
    77 0000:00D0    78 0000:00D1    81 0000:00D2    82 0000:00D4
    83 0000:00D6    84 0000:00D8    85 0000:00DA    86 0000:00DC
    87 0000:00DE    89 0000:00E0    92 0000:00E2    93 0000:00E4
    96 0000:00E5    97 0000:00E7    98 0000:00E9    99 0000:00EB
   100 0000:00ED   102 0000:00EF   103 0000:00F0   104 0000:00F1
   105 0000:00F2   106 0000:00F3   107 0000:00F4
Line numbers for itoa.obj(ITOA.ASM) segment _TEXT

    11 0000:00F6    12 0000:00F7    13 0000:00F8    14 0000:00F9
    15 0000:00FA    16 0000:00FB    19 0000:00FC    20 0000:0100
    23 0000:0102    24 0000:0105    27 0000:0106    28 0000:0108
    29 0000:010A    30 0000:010D    33 0000:0110    35 0000:0113
    36 0000:0114    37 0000:0115    38 0000:0116    39 0000:0117
    40 0000:0118    41 0000:0119    46 0000:011A    47 0000:011B
    48 0000:011C    49 0000:011D    50 0000:011E    51 0000:011F
    53 0000:0120    54 0000:0123    57 0000:0125    58 0000:0127
    59 0000:0129    60 0000:012B    61 0000:012E    62 0000:012F
    66 0000:0132    67 0000:0133    68 0000:0135    69 0000:0137
    71 0000:0139    72 0000:013B    73 0000:013C    76 0000:013E
    77 0000:013F    80 0000:0140    84 0000:0142    85 0000:0144
    86 0000:0146    90 0000:0148    91 0000:0149    92 0000:014C
    93 0000:014E    94 0000:014F    97 0000:0151    99 0000:0154
   100 0000:0155   101 0000:0156   102 0000:0157   103 0000:0158
   104 0000:0159   105 0000:015A   109 0000:015B   110 0000:015C
   111 0000:015D   112 0000:015E   113 0000:015F   114 0000:0160
   116 0000:0161   117 0000:0164   120 0000:0166   121 0000:0168
   122 0000:016A   123 0000:016C   124 0000:016F   125 0000:0170
   129 0000:0173   130 0000:0174   131 0000:0176   132 0000:0178
   133 0000:017A   134 0000:017C   135 0000:017D   137 0000:017F
   138 0000:0180   140 0000:0181   141 0000:0183   142 0000:0185
   143 0000:0187   146 0000:0189   147 0000:018A   148 0000:018D
   149 0000:018F   150 0000:0192   152 0000:0195   155 0000:0198
   156 0000:019A   157 0000:019B   160 0000:019D   162 0000:01A0
   163 0000:01A1   164 0000:01A2   165 0000:01A3   166 0000:01A4
   167 0000:01A5   168 0000:01A6   173 0000:01A7   174 0000:01A8
   175 0000:01A9   176 0000:01AA   177 0000:01AB   178 0000:01AC
   180 0000:01AD   181 0000:01B0   184 0000:01B2   185 0000:01B4
   186 0000:01B6   187 0000:01B8   188 0000:01BB   189 0000:01BC
   192 0000:01BF   193 0000:01C0   194 0000:01C2   195 0000:01C4
   196 0000:01C6   197 0000:01C8   198 0000:01C9   200 0000:01CB
   201 0000:01CC   203 0000:01CD   204 0000:01CF   205 0000:01D1
   206 0000:01D3   209 0000:01D5   210 0000:01D6   211 0000:01D9
   212 0000:01DB   213 0000:01DC   216 0000:01DE   218 0000:01E1
   219 0000:01E2   220 0000:01E3   221 0000:01E4   222 0000:01E5
   223 0000:01E6   224 0000:01E7
Line numbers for func.obj(FUNC.ASM) segment _TEXT

    12 0000:01E8    13 0000:01E9    14 0000:01EA    16 0000:01EB
    20 0000:01ED    23 0000:01EF    24 0000:01F1    25 0000:01F3
    26 0000:01F5    27 0000:01F7    28 0000:01F9    29 0000:01FB
    30 0000:01FD    33 0000:01FF    34 0000:0200    38 0000:0202
    40 0000:0204    42 0000:0206    45 0000:0207    48 0000:020A
    49 0000:020D    52 0000:020E    53 0000:0211    54 0000:0214
    57 0000:0216    58 0000:0217    62 0000:0218    63 0000:0219
    64 0000:021A    65 0000:021B    69 0000:021C    70 0000:021D
    71 0000:021E    72 0000:021F    74 0000:0220    75 0000:0223
    76 0000:0226    78 0000:0229    79 0000:022C    80 0000:022F
    81 0000:0232    82 0000:0234    85 0000:0236    86 0000:0237
    87 0000:0238    88 0000:0239    89 0000:023A    93 0000:023B
    94 0000:023D    95 0000:0240    96 0000:0242    97 0000:0245
    98 0000:0247   100 0000:024A   101 0000:024D   102 0000:024E
   103 0000:024F   107 0000:0250   108 0000:0251   109 0000:0253
   111 0000:0254   114 0000:0257   115 0000:025A   116 0000:025C
   117 0000:025F   118 0000:0261   119 0000:0264   120 0000:0266
   122 0000:0269   123 0000:026C   124 0000:026F   125 0000:0272
   127 0000:0273   128 0000:0274   132 0000:0275   133 0000:0276
   134 0000:0277   135 0000:0279   137 0000:027B   140 0000:027D
   141 0000:027F   142 0000:0281   143 0000:0283   144 0000:0285
   145 0000:0288   146 0000:028A   147 0000:028C   148 0000:028D
   151 0000:028F   152 0000:0291   153 0000:0292   154 0000:0293
   158 0000:0294   159 0000:0297   160 0000:0299   161 0000:029C
   163 0000:029D   164 0000:02A0   168 0000:02A1   169 0000:02A2
   171 0000:02A3   172 0000:02A5   174 0000:02A7   175 0000:02A8
   176 0000:02A9   178 0000:02AB   179 0000:02AD   180 0000:02AF
   182 0000:02B0   183 0000:02B1   184 0000:02B2   188 0000:02B3
   189 0000:02B4   190 0000:02B5   191 0000:02B6   193 0000:02B7
   195 0000:02BA   197 0000:02BC   199 0000:02BE   202 0000:02BF
   203 0000:02C0   204 0000:02C2   205 0000:02C4   206 0000:02C6
   207 0000:02C8   210 0000:02CA   211 0000:02CB   213 0000:02CD
   214 0000:02CE   215 0000:02CF   216 0000:02D0   217 0000:02D1
   221 0000:02D2   222 0000:02D3   223 0000:02D4   226 0000:02D5
   227 0000:02D7   229 0000:02D8   230 0000:02D9   231 0000:02DB
   235 0000:02DC   236 0000:02DD   237 0000:02DE   238 0000:02E0
   240 0000:02E2   241 0000:02E3   242 0000:02E4   243 0000:02E5
   246 0000:02E6   247 0000:02E7   248 0000:02E8   251 0000:02E9
   252 0000:02EB   254 0000:02EC   255 0000:02ED   256 0000:02EF
   260 0000:02F0   261 0000:02F1   263 0000:02F2   264 0000:02F3
   265 0000:02F4   266 0000:02F5
Program entry point at 0000:0000

