Warning: DOSSEG directive ignored in module MAINPROM.ASM
Warning: DOSSEG directive ignored in module FUNC.ASM
Warning: DOSSEG directive ignored in module STR_IO.ASM
Warning: DOSSEG directive ignored in module ITOA.ASM

 Start  Stop   Length Name               Class

 00000H 002B7H 002B8H _TEXT              CODE
 002C0H 00325H 00066H _DATA              DATA
 00330H 0042FH 00100H STACK              STACK


Detailed map of segments

 0000:0000 0069 C=CODE   S=_TEXT          G=(none)   M=MAINPROM.ASM ACBP=48
 0000:006A 00FE C=CODE   S=_TEXT          G=(none)   M=FUNC.ASM   ACBP=48
 0000:0168 005D C=CODE   S=_TEXT          G=(none)   M=STR_IO.ASM ACBP=48
 0000:01C6 00F2 C=CODE   S=_TEXT          G=(none)   M=ITOA.ASM   ACBP=48
 002C:0000 0065 C=DATA   S=_DATA          G=DGROUP  M=MAINPROM.ASM ACBP=48
 002C:0066 0000 C=DATA   S=_DATA          G=DGROUP  M=FUNC.ASM   ACBP=48
 002C:0066 0000 C=DATA   S=_DATA          G=DGROUP  M=STR_IO.ASM ACBP=48
 002C:0066 0000 C=DATA   S=_DATA          G=DGROUP  M=ITOA.ASM   ACBP=48
 002C:0070 0100 C=STACK  S=STACK          G=DGROUP  M=MAINPROM.ASM ACBP=74

  Address         Publics by Name

 0000:009E       AATOI
 0000:017C       AGETS
 0000:0168       APUTS
 0000:0154 idle  ASTRCAT
 0000:00F7 idle  ATOU
 0000:01C6       ITOA
 0000:0277 idle  ITOA_BIN
 0000:022B idle  ITOA_HEX
 0000:00D2 idle  OBTENBASE
 0000:006A idle  SSCAN
 0000:01EA idle  ULTOA
 0000:0116 idle  VALC

  Address         Publics by Value

 0000:006A idle  SSCAN
 0000:009E       AATOI
 0000:00D2 idle  OBTENBASE
 0000:00F7 idle  ATOU
 0000:0116 idle  VALC
 0000:0154 idle  ASTRCAT
 0000:0168       APUTS
 0000:017C       AGETS
 0000:01C6       ITOA
 0000:01EA idle  ULTOA
 0000:022B idle  ITOA_HEX
 0000:0277 idle  ITOA_BIN

Line numbers for mainprom.obj(MAINPROM.ASM) segment _TEXT

    25 0000:0000    26 0000:0003    27 0000:0005    30 0000:0007
    31 0000:000A    33 0000:000D    34 0000:0010    35 0000:0013
    37 0000:0016    38 0000:0019    39 0000:001C    42 0000:001F
    45 0000:0021    46 0000:0024    50 0000:0026    53 0000:0027
    54 0000:002A    56 0000:002D    57 0000:0030    58 0000:0033
    61 0000:0036    62 0000:0039    65 0000:003C    67 0000:0040
    68 0000:0041    73 0000:0043    74 0000:0046    76 0000:0048
    79 0000:004C    82 0000:004E    84 0000:004F    85 0000:0052
    87 0000:0055    88 0000:0056    89 0000:0059    91 0000:005C
    92 0000:005F    95 0000:0062    96 0000:0064    97 0000:0067
Line numbers for func.obj(FUNC.ASM) segment _TEXT

    12 0000:006A    13 0000:006B    14 0000:006C    16 0000:006D
    20 0000:006F    23 0000:0071    24 0000:0073    25 0000:0075
    26 0000:0077    27 0000:0079    28 0000:007B    29 0000:007D
    30 0000:007F    33 0000:0081    34 0000:0082    38 0000:0084
    40 0000:0086    42 0000:0088    45 0000:0089    48 0000:008C
    49 0000:008F    52 0000:0090    53 0000:0093    54 0000:0096
    57 0000:0098    58 0000:0099    62 0000:009A    63 0000:009B
    64 0000:009C    65 0000:009D    69 0000:009E    70 0000:009F
    71 0000:00A0    72 0000:00A1    74 0000:00A2    75 0000:00A5
    76 0000:00A8    78 0000:00AB    79 0000:00AE    80 0000:00B1
    81 0000:00B4    82 0000:00B6    85 0000:00B8    86 0000:00B9
    87 0000:00BA    88 0000:00BB    89 0000:00BC    93 0000:00BD
    94 0000:00BF    95 0000:00C2    96 0000:00C4    97 0000:00C7
    98 0000:00C9   100 0000:00CC   101 0000:00CF   102 0000:00D0
   103 0000:00D1   107 0000:00D2   108 0000:00D3   109 0000:00D5
   111 0000:00D6   114 0000:00D9   115 0000:00DC   116 0000:00DE
   117 0000:00E1   118 0000:00E3   119 0000:00E6   120 0000:00E8
   122 0000:00EB   123 0000:00EE   124 0000:00F1   125 0000:00F4
   127 0000:00F5   128 0000:00F6   132 0000:00F7   133 0000:00F8
   134 0000:00F9   135 0000:00FB   137 0000:00FD   140 0000:00FF
   141 0000:0101   142 0000:0103   143 0000:0105   144 0000:0107
   145 0000:010A   146 0000:010C   147 0000:010E   148 0000:010F
   151 0000:0111   152 0000:0113   153 0000:0114   154 0000:0115
   158 0000:0116   159 0000:0119   160 0000:011B   161 0000:011E
   163 0000:011F   164 0000:0122   168 0000:0123   169 0000:0124
   171 0000:0125   172 0000:0127   174 0000:0129   175 0000:012A
   176 0000:012B   178 0000:012D   179 0000:012F   180 0000:0131
   182 0000:0132   183 0000:0133   184 0000:0134   188 0000:0135
   189 0000:0136   190 0000:0137   191 0000:0138   193 0000:0139
   195 0000:013C   197 0000:013E   199 0000:0140   202 0000:0141
   203 0000:0142   204 0000:0144   205 0000:0146   206 0000:0148
   207 0000:014A   210 0000:014C   211 0000:014D   213 0000:014F
   214 0000:0150   215 0000:0151   216 0000:0152   217 0000:0153
   221 0000:0154   222 0000:0155   223 0000:0156   226 0000:0157
   227 0000:0159   229 0000:015A   230 0000:015B   231 0000:015D
   235 0000:015E   236 0000:015F   237 0000:0160   238 0000:0162
   240 0000:0164   241 0000:0165   242 0000:0166   243 0000:0167
Line numbers for str_io.obj(STR_IO.ASM) segment _TEXT

    11 0000:0168    12 0000:0169    13 0000:016A    16 0000:016B
    17 0000:016C    18 0000:016E    20 0000:0170    21 0000:0172
    22 0000:0174    24 0000:0176    27 0000:0178    28 0000:0179
    29 0000:017A    30 0000:017B    36 0000:017C    37 0000:017D
    38 0000:017E    39 0000:017F    40 0000:0180    42 0000:0181
    43 0000:0183    46 0000:0184    47 0000:0186    50 0000:0188
    51 0000:018A    54 0000:018C    55 0000:018E    58 0000:0190
    61 0000:0192    62 0000:0193    65 0000:0194    66 0000:0196
    67 0000:0198    69 0000:019A    73 0000:019C    74 0000:019E
    77 0000:01A0    78 0000:01A1    81 0000:01A2    82 0000:01A4
    83 0000:01A6    84 0000:01A8    85 0000:01AA    86 0000:01AC
    87 0000:01AE    89 0000:01B0    92 0000:01B2    93 0000:01B4
    96 0000:01B5    97 0000:01B7    98 0000:01B9    99 0000:01BB
   100 0000:01BD   102 0000:01BF   103 0000:01C0   104 0000:01C1
   105 0000:01C2   106 0000:01C3   107 0000:01C4
Line numbers for itoa.obj(ITOA.ASM) segment _TEXT

    11 0000:01C6    12 0000:01C7    13 0000:01C8    14 0000:01C9
    15 0000:01CA    16 0000:01CB    19 0000:01CC    20 0000:01D0
    23 0000:01D2    24 0000:01D5    27 0000:01D6    28 0000:01D8
    29 0000:01DA    30 0000:01DD    33 0000:01E0    35 0000:01E3
    36 0000:01E4    37 0000:01E5    38 0000:01E6    39 0000:01E7
    40 0000:01E8    41 0000:01E9    46 0000:01EA    47 0000:01EB
    48 0000:01EC    49 0000:01ED    50 0000:01EE    51 0000:01EF
    53 0000:01F0    54 0000:01F3    57 0000:01F5    58 0000:01F7
    59 0000:01F9    60 0000:01FB    61 0000:01FE    62 0000:01FF
    66 0000:0202    67 0000:0203    68 0000:0205    69 0000:0207
    71 0000:0209    72 0000:020B    73 0000:020C    76 0000:020E
    77 0000:020F    80 0000:0210    84 0000:0212    85 0000:0214
    86 0000:0216    90 0000:0218    91 0000:0219    92 0000:021C
    93 0000:021E    94 0000:021F    97 0000:0221    99 0000:0224
   100 0000:0225   101 0000:0226   102 0000:0227   103 0000:0228
   104 0000:0229   105 0000:022A   109 0000:022B   110 0000:022C
   111 0000:022D   112 0000:022E   113 0000:022F   114 0000:0230
   116 0000:0231   117 0000:0234   120 0000:0236   121 0000:0238
   122 0000:023A   123 0000:023C   124 0000:023F   125 0000:0240
   129 0000:0243   130 0000:0244   131 0000:0246   132 0000:0248
   133 0000:024A   134 0000:024C   135 0000:024D   137 0000:024F
   138 0000:0250   140 0000:0251   141 0000:0253   142 0000:0255
   143 0000:0257   146 0000:0259   147 0000:025A   148 0000:025D
   149 0000:025F   150 0000:0262   152 0000:0265   155 0000:0268
   156 0000:026A   157 0000:026B   160 0000:026D   162 0000:0270
   163 0000:0271   164 0000:0272   165 0000:0273   166 0000:0274
   167 0000:0275   168 0000:0276   173 0000:0277   174 0000:0278
   175 0000:0279   176 0000:027A   177 0000:027B   178 0000:027C
   180 0000:027D   181 0000:0280   184 0000:0282   185 0000:0284
   186 0000:0286   187 0000:0288   188 0000:028B   189 0000:028C
   192 0000:028F   193 0000:0290   194 0000:0292   195 0000:0294
   196 0000:0296   197 0000:0298   198 0000:0299   200 0000:029B
   201 0000:029C   203 0000:029D   204 0000:029F   205 0000:02A1
   206 0000:02A3   209 0000:02A5   210 0000:02A6   211 0000:02A9
   212 0000:02AB   213 0000:02AC   216 0000:02AE   218 0000:02B1
   219 0000:02B2   220 0000:02B3   221 0000:02B4   222 0000:02B5
   223 0000:02B6   224 0000:02B7
Program entry point at 0000:0000

