Warning: DOSSEG directive ignored in module MAIN.ASM
Warning: DOSSEG directive ignored in module STR_IO.ASM

 Start  Stop   Length Name               Class

 00000H 00086H 00087H _TEXT              CODE
 00090H 000DDH 0004EH _DATA              DATA
 000E0H 001DFH 00100H STACK              STACK


Detailed map of segments

 0000:0000 0029 C=CODE   S=_TEXT          G=(none)   M=MAIN.ASM   ACBP=48
 0000:002A 005D C=CODE   S=_TEXT          G=(none)   M=STR_IO.ASM ACBP=48
 0009:0000 004D C=DATA   S=_DATA          G=DGROUP  M=MAIN.ASM   ACBP=48
 0009:004E 0000 C=DATA   S=_DATA          G=DGROUP  M=STR_IO.ASM ACBP=48
 0009:0050 0100 C=STACK  S=STACK          G=DGROUP  M=MAIN.ASM   ACBP=74

  Address         Publics by Name

 0000:002A       APUTS
 0000:003E       AGETS

  Address         Publics by Value

 0000:002A       APUTS
 0000:003E       AGETS

Line numbers for main.obj(MAIN.ASM) segment _TEXT

    20 0000:0000    21 0000:0003    22 0000:0005    25 0000:0007
    26 0000:000A    29 0000:000D    30 0000:0010    31 0000:0013
    34 0000:0016    35 0000:0019    37 0000:001C    38 0000:001F
    41 0000:0022    42 0000:0024    43 0000:0027
Line numbers for str_io.obj(STR_IO.ASM) segment _TEXT

    14 0000:002A    15 0000:002B    16 0000:002C    19 0000:002D
    20 0000:002E    21 0000:0030    23 0000:0032    24 0000:0034
    25 0000:0036    27 0000:0038    30 0000:003A    31 0000:003B
    32 0000:003C    33 0000:003D    39 0000:003E    40 0000:003F
    41 0000:0040    42 0000:0041    43 0000:0042    45 0000:0043
    46 0000:0045    49 0000:0046    50 0000:0048    53 0000:004A
    54 0000:004C    57 0000:004E    58 0000:0050    61 0000:0052
    64 0000:0054    65 0000:0055    68 0000:0056    69 0000:0058
    70 0000:005A    72 0000:005C    76 0000:005E    77 0000:0060
    80 0000:0062    81 0000:0063    84 0000:0064    85 0000:0066
    86 0000:0068    87 0000:006A    88 0000:006C    89 0000:006E
    90 0000:0070    92 0000:0072    95 0000:0074    96 0000:0076
    99 0000:0077   100 0000:0079   101 0000:007B   102 0000:007D
   103 0000:007F   105 0000:0081   106 0000:0082   107 0000:0083
   108 0000:0084   109 0000:0085   110 0000:0086
Program entry point at 0000:0000

