Warning: DOSSEG directive ignored in module MAIN.ASM
Warning: DOSSEG directive ignored in module ITOA.ASM
Warning: DOSSEG directive ignored in module STR_IO.ASM
Warning: DOSSEG directive ignored in module COUNTWOR.ASM

 Start  Stop   Length Name               Class

 00000H 001AFH 001B0H _TEXT              CODE
 001B0H 00249H 0009AH _DATA              DATA
 00250H 0034FH 00100H STACK              STACK


Detailed map of segments

 0000:0000 0039 C=CODE   S=_TEXT          G=(none)   M=MAIN.ASM   ACBP=48
 0000:003A 00F2 C=CODE   S=_TEXT          G=(none)   M=ITOA.ASM   ACBP=48
 0000:012C 005D C=CODE   S=_TEXT          G=(none)   M=STR_IO.ASM ACBP=48
 0000:018A 0026 C=CODE   S=_TEXT          G=(none)   M=COUNTWOR.ASM ACBP=48
 001B:0000 0099 C=DATA   S=_DATA          G=DGROUP  M=MAIN.ASM   ACBP=48
 001B:009A 0000 C=DATA   S=_DATA          G=DGROUP  M=ITOA.ASM   ACBP=48
 001B:009A 0000 C=DATA   S=_DATA          G=DGROUP  M=STR_IO.ASM ACBP=48
 001B:009A 0000 C=DATA   S=_DATA          G=DGROUP  M=COUNTWOR.ASM ACBP=48
 001B:00A0 0100 C=STACK  S=STACK          G=DGROUP  M=MAIN.ASM   ACBP=74

  Address         Publics by Name

 0000:0140       AGETS
 0000:012C       APUTS
 0000:018A       COUNTWORDS
 0000:003A       ITOA
 0000:00EB idle  ITOA_BIN
 0000:009F idle  ITOA_HEX
 0000:005E idle  ULTOA

  Address         Publics by Value

 0000:003A       ITOA
 0000:005E idle  ULTOA
 0000:009F idle  ITOA_HEX
 0000:00EB idle  ITOA_BIN
 0000:012C       APUTS
 0000:0140       AGETS
 0000:018A       COUNTWORDS

Line numbers for main.obj(MAIN.ASM) segment _TEXT

    18 0000:0000    19 0000:0003    20 0000:0005    23 0000:0007
    24 0000:000A    27 0000:000D    28 0000:0010    29 0000:0013
    32 0000:0016    33 0000:0019    36 0000:001C    39 0000:001D
    40 0000:0020    43 0000:0023    44 0000:0024    45 0000:0026
    46 0000:0029    49 0000:002C    50 0000:002F    53 0000:0032
    54 0000:0034    55 0000:0037
Line numbers for itoa.obj(ITOA.ASM) segment _TEXT

    11 0000:003A    12 0000:003B    13 0000:003C    14 0000:003D
    15 0000:003E    16 0000:003F    19 0000:0040    20 0000:0044
    23 0000:0046    24 0000:0049    27 0000:004A    28 0000:004C
    29 0000:004E    30 0000:0051    33 0000:0054    35 0000:0057
    36 0000:0058    37 0000:0059    38 0000:005A    39 0000:005B
    40 0000:005C    41 0000:005D    46 0000:005E    47 0000:005F
    48 0000:0060    49 0000:0061    50 0000:0062    51 0000:0063
    53 0000:0064    54 0000:0067    57 0000:0069    58 0000:006B
    59 0000:006D    60 0000:006F    61 0000:0072    62 0000:0073
    66 0000:0076    67 0000:0077    68 0000:0079    69 0000:007B
    71 0000:007D    72 0000:007F    73 0000:0080    76 0000:0082
    77 0000:0083    80 0000:0084    84 0000:0086    85 0000:0088
    86 0000:008A    90 0000:008C    91 0000:008D    92 0000:0090
    93 0000:0092    94 0000:0093    97 0000:0095    99 0000:0098
   100 0000:0099   101 0000:009A   102 0000:009B   103 0000:009C
   104 0000:009D   105 0000:009E   109 0000:009F   110 0000:00A0
   111 0000:00A1   112 0000:00A2   113 0000:00A3   114 0000:00A4
   116 0000:00A5   117 0000:00A8   120 0000:00AA   121 0000:00AC
   122 0000:00AE   123 0000:00B0   124 0000:00B3   125 0000:00B4
   129 0000:00B7   130 0000:00B8   131 0000:00BA   132 0000:00BC
   133 0000:00BE   134 0000:00C0   135 0000:00C1   137 0000:00C3
   138 0000:00C4   140 0000:00C5   141 0000:00C7   142 0000:00C9
   143 0000:00CB   146 0000:00CD   147 0000:00CE   148 0000:00D1
   149 0000:00D3   150 0000:00D6   152 0000:00D9   155 0000:00DC
   156 0000:00DE   157 0000:00DF   160 0000:00E1   162 0000:00E4
   163 0000:00E5   164 0000:00E6   165 0000:00E7   166 0000:00E8
   167 0000:00E9   168 0000:00EA   173 0000:00EB   174 0000:00EC
   175 0000:00ED   176 0000:00EE   177 0000:00EF   178 0000:00F0
   180 0000:00F1   181 0000:00F4   184 0000:00F6   185 0000:00F8
   186 0000:00FA   187 0000:00FC   188 0000:00FF   189 0000:0100
   192 0000:0103   193 0000:0104   194 0000:0106   195 0000:0108
   196 0000:010A   197 0000:010C   198 0000:010D   200 0000:010F
   201 0000:0110   203 0000:0111   204 0000:0113   205 0000:0115
   206 0000:0117   209 0000:0119   210 0000:011A   211 0000:011D
   212 0000:011F   213 0000:0120   216 0000:0122   218 0000:0125
   219 0000:0126   220 0000:0127   221 0000:0128   222 0000:0129
   223 0000:012A   224 0000:012B
Line numbers for str_io.obj(STR_IO.ASM) segment _TEXT

    11 0000:012C    12 0000:012D    13 0000:012E    16 0000:012F
    17 0000:0130    18 0000:0132    20 0000:0134    21 0000:0136
    22 0000:0138    24 0000:013A    27 0000:013C    28 0000:013D
    29 0000:013E    30 0000:013F    36 0000:0140    37 0000:0141
    38 0000:0142    39 0000:0143    40 0000:0144    42 0000:0145
    43 0000:0147    46 0000:0148    47 0000:014A    50 0000:014C
    51 0000:014E    54 0000:0150    55 0000:0152    58 0000:0154
    61 0000:0156    62 0000:0157    65 0000:0158    66 0000:015A
    67 0000:015C    69 0000:015E    73 0000:0160    74 0000:0162
    77 0000:0164    78 0000:0165    81 0000:0166    82 0000:0168
    83 0000:016A    84 0000:016C    85 0000:016E    86 0000:0170
    87 0000:0172    89 0000:0174    92 0000:0176    93 0000:0178
    96 0000:0179    97 0000:017B    98 0000:017D    99 0000:017F
   100 0000:0181   102 0000:0183   103 0000:0184   104 0000:0185
   105 0000:0186   106 0000:0187   107 0000:0188
Line numbers for countwor.obj(COUNTWOR.ASM) segment _TEXT

    10 0000:018A    11 0000:018B    12 0000:018C    14 0000:018D
    15 0000:018F    17 0000:0191    20 0000:0192    23 0000:0193
    24 0000:0195    27 0000:0197    28 0000:0199    31 0000:019B
    32 0000:019E    35 0000:01A0    36 0000:01A1    37 0000:01A3
    40 0000:01A6    43 0000:01A8    46 0000:01AA    48 0000:01AC
    49 0000:01AD    50 0000:01AE    51 0000:01AF
Program entry point at 0000:0000

