Warning: DOSSEG directive ignored in module PARES.ASM
Warning: DOSSEG directive ignored in module ITOA.ASM
Warning: DOSSEG directive ignored in module STR_IO.ASM
Warning: DOSSEG directive ignored in module FUNC.ASM

 Start  Stop   Length Name               Class

 00000H 002ADH 002AEH _TEXT              CODE
 002B0H 002F3H 00044H _DATA              DATA
 00300H 003FFH 00100H STACK              STACK


Detailed map of segments

 0000:0000 005F C=CODE   S=_TEXT          G=(none)   M=PARES.ASM  ACBP=48
 0000:0060 00F2 C=CODE   S=_TEXT          G=(none)   M=ITOA.ASM   ACBP=48
 0000:0152 005D C=CODE   S=_TEXT          G=(none)   M=STR_IO.ASM ACBP=48
 0000:01B0 00FE C=CODE   S=_TEXT          G=(none)   M=FUNC.ASM   ACBP=48
 002B:0000 0043 C=DATA   S=_DATA          G=DGROUP  M=PARES.ASM  ACBP=48
 002B:0044 0000 C=DATA   S=_DATA          G=DGROUP  M=ITOA.ASM   ACBP=48
 002B:0044 0000 C=DATA   S=_DATA          G=DGROUP  M=STR_IO.ASM ACBP=48
 002B:0044 0000 C=DATA   S=_DATA          G=DGROUP  M=FUNC.ASM   ACBP=48
 002B:0050 0100 C=STACK  S=STACK          G=DGROUP  M=PARES.ASM  ACBP=74

  Address         Publics by Name

 0000:01E4       AATOI
 0000:0166       AGETS
 0000:0152       APUTS
 0000:029A idle  ASTRCAT
 0000:023D idle  ATOU
 0000:0060       ITOA
 0000:0111 idle  ITOA_BIN
 0000:00C5 idle  ITOA_HEX
 0000:0218 idle  OBTENBASE
 0000:01B0 idle  SSCAN
 0000:0084 idle  ULTOA
 0000:025C idle  VALC

  Address         Publics by Value

 0000:0060       ITOA
 0000:0084 idle  ULTOA
 0000:00C5 idle  ITOA_HEX
 0000:0111 idle  ITOA_BIN
 0000:0152       APUTS
 0000:0166       AGETS
 0000:01B0 idle  SSCAN
 0000:01E4       AATOI
 0000:0218 idle  OBTENBASE
 0000:023D idle  ATOU
 0000:025C idle  VALC
 0000:029A idle  ASTRCAT

Line numbers for pares.obj(PARES.ASM) segment _TEXT

    21 0000:0000    22 0000:0003    23 0000:0005    26 0000:0007
    27 0000:000A    29 0000:000D    30 0000:0010    31 0000:0013
    34 0000:0016    35 0000:0019    38 0000:001C    39 0000:001F
    42 0000:0022    43 0000:0025    44 0000:0029    48 0000:002B
    49 0000:002D    52 0000:0030    53 0000:0033    56 0000:0035
    57 0000:0038    59 0000:003A    62 0000:003D    65 0000:003E
    66 0000:0040    69 0000:0042    70 0000:0045    72 0000:0048
    73 0000:004A    74 0000:004C    75 0000:004F    77 0000:0052
    78 0000:0055    81 0000:0058    82 0000:005A    83 0000:005D
Line numbers for itoa.obj(ITOA.ASM) segment _TEXT

    11 0000:0060    12 0000:0061    13 0000:0062    14 0000:0063
    15 0000:0064    16 0000:0065    19 0000:0066    20 0000:006A
    23 0000:006C    24 0000:006F    27 0000:0070    28 0000:0072
    29 0000:0074    30 0000:0077    33 0000:007A    35 0000:007D
    36 0000:007E    37 0000:007F    38 0000:0080    39 0000:0081
    40 0000:0082    41 0000:0083    46 0000:0084    47 0000:0085
    48 0000:0086    49 0000:0087    50 0000:0088    51 0000:0089
    53 0000:008A    54 0000:008D    57 0000:008F    58 0000:0091
    59 0000:0093    60 0000:0095    61 0000:0098    62 0000:0099
    66 0000:009C    67 0000:009D    68 0000:009F    69 0000:00A1
    71 0000:00A3    72 0000:00A5    73 0000:00A6    76 0000:00A8
    77 0000:00A9    80 0000:00AA    84 0000:00AC    85 0000:00AE
    86 0000:00B0    90 0000:00B2    91 0000:00B3    92 0000:00B6
    93 0000:00B8    94 0000:00B9    97 0000:00BB    99 0000:00BE
   100 0000:00BF   101 0000:00C0   102 0000:00C1   103 0000:00C2
   104 0000:00C3   105 0000:00C4   109 0000:00C5   110 0000:00C6
   111 0000:00C7   112 0000:00C8   113 0000:00C9   114 0000:00CA
   116 0000:00CB   117 0000:00CE   120 0000:00D0   121 0000:00D2
   122 0000:00D4   123 0000:00D6   124 0000:00D9   125 0000:00DA
   129 0000:00DD   130 0000:00DE   131 0000:00E0   132 0000:00E2
   133 0000:00E4   134 0000:00E6   135 0000:00E7   137 0000:00E9
   138 0000:00EA   140 0000:00EB   141 0000:00ED   142 0000:00EF
   143 0000:00F1   146 0000:00F3   147 0000:00F4   148 0000:00F7
   149 0000:00F9   150 0000:00FC   152 0000:00FF   155 0000:0102
   156 0000:0104   157 0000:0105   160 0000:0107   162 0000:010A
   163 0000:010B   164 0000:010C   165 0000:010D   166 0000:010E
   167 0000:010F   168 0000:0110   173 0000:0111   174 0000:0112
   175 0000:0113   176 0000:0114   177 0000:0115   178 0000:0116
   180 0000:0117   181 0000:011A   184 0000:011C   185 0000:011E
   186 0000:0120   187 0000:0122   188 0000:0125   189 0000:0126
   192 0000:0129   193 0000:012A   194 0000:012C   195 0000:012E
   196 0000:0130   197 0000:0132   198 0000:0133   200 0000:0135
   201 0000:0136   203 0000:0137   204 0000:0139   205 0000:013B
   206 0000:013D   209 0000:013F   210 0000:0140   211 0000:0143
   212 0000:0145   213 0000:0146   216 0000:0148   218 0000:014B
   219 0000:014C   220 0000:014D   221 0000:014E   222 0000:014F
   223 0000:0150   224 0000:0151
Line numbers for str_io.obj(STR_IO.ASM) segment _TEXT

    11 0000:0152    12 0000:0153    13 0000:0154    16 0000:0155
    17 0000:0156    18 0000:0158    20 0000:015A    21 0000:015C
    22 0000:015E    24 0000:0160    27 0000:0162    28 0000:0163
    29 0000:0164    30 0000:0165    36 0000:0166    37 0000:0167
    38 0000:0168    39 0000:0169    40 0000:016A    42 0000:016B
    43 0000:016D    46 0000:016E    47 0000:0170    50 0000:0172
    51 0000:0174    54 0000:0176    55 0000:0178    58 0000:017A
    61 0000:017C    62 0000:017D    65 0000:017E    66 0000:0180
    67 0000:0182    69 0000:0184    73 0000:0186    74 0000:0188
    77 0000:018A    78 0000:018B    81 0000:018C    82 0000:018E
    83 0000:0190    84 0000:0192    85 0000:0194    86 0000:0196
    87 0000:0198    89 0000:019A    92 0000:019C    93 0000:019E
    96 0000:019F    97 0000:01A1    98 0000:01A3    99 0000:01A5
   100 0000:01A7   102 0000:01A9   103 0000:01AA   104 0000:01AB
   105 0000:01AC   106 0000:01AD   107 0000:01AE
Line numbers for func.obj(FUNC.ASM) segment _TEXT

    12 0000:01B0    13 0000:01B1    14 0000:01B2    16 0000:01B3
    20 0000:01B5    23 0000:01B7    24 0000:01B9    25 0000:01BB
    26 0000:01BD    27 0000:01BF    28 0000:01C1    29 0000:01C3
    30 0000:01C5    33 0000:01C7    34 0000:01C8    38 0000:01CA
    40 0000:01CC    42 0000:01CE    45 0000:01CF    48 0000:01D2
    49 0000:01D5    52 0000:01D6    53 0000:01D9    54 0000:01DC
    57 0000:01DE    58 0000:01DF    62 0000:01E0    63 0000:01E1
    64 0000:01E2    65 0000:01E3    69 0000:01E4    70 0000:01E5
    71 0000:01E6    72 0000:01E7    74 0000:01E8    75 0000:01EB
    76 0000:01EE    78 0000:01F1    79 0000:01F4    80 0000:01F7
    81 0000:01FA    82 0000:01FC    85 0000:01FE    86 0000:01FF
    87 0000:0200    88 0000:0201    89 0000:0202    93 0000:0203
    94 0000:0205    95 0000:0208    96 0000:020A    97 0000:020D
    98 0000:020F   100 0000:0212   101 0000:0215   102 0000:0216
   103 0000:0217   107 0000:0218   108 0000:0219   109 0000:021B
   111 0000:021C   114 0000:021F   115 0000:0222   116 0000:0224
   117 0000:0227   118 0000:0229   119 0000:022C   120 0000:022E
   122 0000:0231   123 0000:0234   124 0000:0237   125 0000:023A
   127 0000:023B   128 0000:023C   132 0000:023D   133 0000:023E
   134 0000:023F   135 0000:0241   137 0000:0243   140 0000:0245
   141 0000:0247   142 0000:0249   143 0000:024B   144 0000:024D
   145 0000:0250   146 0000:0252   147 0000:0254   148 0000:0255
   151 0000:0257   152 0000:0259   153 0000:025A   154 0000:025B
   158 0000:025C   159 0000:025F   160 0000:0261   161 0000:0264
   163 0000:0265   164 0000:0268   168 0000:0269   169 0000:026A
   171 0000:026B   172 0000:026D   174 0000:026F   175 0000:0270
   176 0000:0271   178 0000:0273   179 0000:0275   180 0000:0277
   182 0000:0278   183 0000:0279   184 0000:027A   188 0000:027B
   189 0000:027C   190 0000:027D   191 0000:027E   193 0000:027F
   195 0000:0282   197 0000:0284   199 0000:0286   202 0000:0287
   203 0000:0288   204 0000:028A   205 0000:028C   206 0000:028E
   207 0000:0290   210 0000:0292   211 0000:0293   213 0000:0295
   214 0000:0296   215 0000:0297   216 0000:0298   217 0000:0299
   221 0000:029A   222 0000:029B   223 0000:029C   226 0000:029D
   227 0000:029F   229 0000:02A0   230 0000:02A1   231 0000:02A3
   235 0000:02A4   236 0000:02A5   237 0000:02A6   238 0000:02A8
   240 0000:02AA   241 0000:02AB   242 0000:02AC   243 0000:02AD
Program entry point at 0000:0000

