Warning: DOSSEG directive ignored in module BISIESTO.ASM
Warning: DOSSEG directive ignored in module ITOA.ASM
Warning: DOSSEG directive ignored in module STR_IO.ASM
Warning: DOSSEG directive ignored in module FUNC.ASM

 Start  Stop   Length Name               Class

 00000H 002AFH 002B0H _TEXT              CODE
 002B0H 002FFH 00050H _DATA              DATA
 00300H 003FFH 00100H STACK              STACK


Detailed map of segments

 0000:0000 0062 C=CODE   S=_TEXT          G=(none)   M=BISIESTO.ASM ACBP=48
 0000:0062 00F2 C=CODE   S=_TEXT          G=(none)   M=ITOA.ASM   ACBP=48
 0000:0154 005D C=CODE   S=_TEXT          G=(none)   M=STR_IO.ASM ACBP=48
 0000:01B2 00FE C=CODE   S=_TEXT          G=(none)   M=FUNC.ASM   ACBP=48
 002B:0000 0050 C=DATA   S=_DATA          G=DGROUP  M=BISIESTO.ASM ACBP=48
 002B:0050 0000 C=DATA   S=_DATA          G=DGROUP  M=ITOA.ASM   ACBP=48
 002B:0050 0000 C=DATA   S=_DATA          G=DGROUP  M=STR_IO.ASM ACBP=48
 002B:0050 0000 C=DATA   S=_DATA          G=DGROUP  M=FUNC.ASM   ACBP=48
 002B:0050 0100 C=STACK  S=STACK          G=DGROUP  M=BISIESTO.ASM ACBP=74

  Address         Publics by Name

 0000:01E6       AATOI
 0000:0168       AGETS
 0000:0154       APUTS
 0000:029C idle  ASTRCAT
 0000:023F idle  ATOU
 0000:0062 idle  ITOA
 0000:0113 idle  ITOA_BIN
 0000:00C7 idle  ITOA_HEX
 0000:021A idle  OBTENBASE
 0000:01B2 idle  SSCAN
 0000:0086 idle  ULTOA
 0000:025E idle  VALC

  Address         Publics by Value

 0000:0062 idle  ITOA
 0000:0086 idle  ULTOA
 0000:00C7 idle  ITOA_HEX
 0000:0113 idle  ITOA_BIN
 0000:0154       APUTS
 0000:0168       AGETS
 0000:01B2 idle  SSCAN
 0000:01E6       AATOI
 0000:021A idle  OBTENBASE
 0000:023F idle  ATOU
 0000:025E idle  VALC
 0000:029C idle  ASTRCAT

Line numbers for bisiesto.obj(BISIESTO.ASM) segment _TEXT

    19 0000:0000    20 0000:0003    21 0000:0005    24 0000:0007
    25 0000:000A    27 0000:000D    28 0000:0010    29 0000:0013
    31 0000:0016    32 0000:0019    33 0000:001C    38 0000:001F
    39 0000:0022    40 0000:0024    41 0000:0027    43 0000:0029
    44 0000:002C    47 0000:002E    48 0000:0031    49 0000:0033
    50 0000:0036    52 0000:0038    53 0000:003B    57 0000:003D
    58 0000:0040    59 0000:0042    60 0000:0045    62 0000:0047
    63 0000:004A    68 0000:004C    69 0000:004F    70 0000:0052
    73 0000:0055    74 0000:0058    77 0000:005B    78 0000:005D
    79 0000:0060
Line numbers for itoa.obj(ITOA.ASM) segment _TEXT

    11 0000:0062    12 0000:0063    13 0000:0064    14 0000:0065
    15 0000:0066    16 0000:0067    19 0000:0068    20 0000:006C
    23 0000:006E    24 0000:0071    27 0000:0072    28 0000:0074
    29 0000:0076    30 0000:0079    33 0000:007C    35 0000:007F
    36 0000:0080    37 0000:0081    38 0000:0082    39 0000:0083
    40 0000:0084    41 0000:0085    46 0000:0086    47 0000:0087
    48 0000:0088    49 0000:0089    50 0000:008A    51 0000:008B
    53 0000:008C    54 0000:008F    57 0000:0091    58 0000:0093
    59 0000:0095    60 0000:0097    61 0000:009A    62 0000:009B
    66 0000:009E    67 0000:009F    68 0000:00A1    69 0000:00A3
    71 0000:00A5    72 0000:00A7    73 0000:00A8    76 0000:00AA
    77 0000:00AB    80 0000:00AC    84 0000:00AE    85 0000:00B0
    86 0000:00B2    90 0000:00B4    91 0000:00B5    92 0000:00B8
    93 0000:00BA    94 0000:00BB    97 0000:00BD    99 0000:00C0
   100 0000:00C1   101 0000:00C2   102 0000:00C3   103 0000:00C4
   104 0000:00C5   105 0000:00C6   109 0000:00C7   110 0000:00C8
   111 0000:00C9   112 0000:00CA   113 0000:00CB   114 0000:00CC
   116 0000:00CD   117 0000:00D0   120 0000:00D2   121 0000:00D4
   122 0000:00D6   123 0000:00D8   124 0000:00DB   125 0000:00DC
   129 0000:00DF   130 0000:00E0   131 0000:00E2   132 0000:00E4
   133 0000:00E6   134 0000:00E8   135 0000:00E9   137 0000:00EB
   138 0000:00EC   140 0000:00ED   141 0000:00EF   142 0000:00F1
   143 0000:00F3   146 0000:00F5   147 0000:00F6   148 0000:00F9
   149 0000:00FB   150 0000:00FE   152 0000:0101   155 0000:0104
   156 0000:0106   157 0000:0107   160 0000:0109   162 0000:010C
   163 0000:010D   164 0000:010E   165 0000:010F   166 0000:0110
   167 0000:0111   168 0000:0112   173 0000:0113   174 0000:0114
   175 0000:0115   176 0000:0116   177 0000:0117   178 0000:0118
   180 0000:0119   181 0000:011C   184 0000:011E   185 0000:0120
   186 0000:0122   187 0000:0124   188 0000:0127   189 0000:0128
   192 0000:012B   193 0000:012C   194 0000:012E   195 0000:0130
   196 0000:0132   197 0000:0134   198 0000:0135   200 0000:0137
   201 0000:0138   203 0000:0139   204 0000:013B   205 0000:013D
   206 0000:013F   209 0000:0141   210 0000:0142   211 0000:0145
   212 0000:0147   213 0000:0148   216 0000:014A   218 0000:014D
   219 0000:014E   220 0000:014F   221 0000:0150   222 0000:0151
   223 0000:0152   224 0000:0153
Line numbers for str_io.obj(STR_IO.ASM) segment _TEXT

    11 0000:0154    12 0000:0155    13 0000:0156    16 0000:0157
    17 0000:0158    18 0000:015A    20 0000:015C    21 0000:015E
    22 0000:0160    24 0000:0162    27 0000:0164    28 0000:0165
    29 0000:0166    30 0000:0167    36 0000:0168    37 0000:0169
    38 0000:016A    39 0000:016B    40 0000:016C    42 0000:016D
    43 0000:016F    46 0000:0170    47 0000:0172    50 0000:0174
    51 0000:0176    54 0000:0178    55 0000:017A    58 0000:017C
    61 0000:017E    62 0000:017F    65 0000:0180    66 0000:0182
    67 0000:0184    69 0000:0186    73 0000:0188    74 0000:018A
    77 0000:018C    78 0000:018D    81 0000:018E    82 0000:0190
    83 0000:0192    84 0000:0194    85 0000:0196    86 0000:0198
    87 0000:019A    89 0000:019C    92 0000:019E    93 0000:01A0
    96 0000:01A1    97 0000:01A3    98 0000:01A5    99 0000:01A7
   100 0000:01A9   102 0000:01AB   103 0000:01AC   104 0000:01AD
   105 0000:01AE   106 0000:01AF   107 0000:01B0
Line numbers for func.obj(FUNC.ASM) segment _TEXT

    12 0000:01B2    13 0000:01B3    14 0000:01B4    16 0000:01B5
    20 0000:01B7    23 0000:01B9    24 0000:01BB    25 0000:01BD
    26 0000:01BF    27 0000:01C1    28 0000:01C3    29 0000:01C5
    30 0000:01C7    33 0000:01C9    34 0000:01CA    38 0000:01CC
    40 0000:01CE    42 0000:01D0    45 0000:01D1    48 0000:01D4
    49 0000:01D7    52 0000:01D8    53 0000:01DB    54 0000:01DE
    57 0000:01E0    58 0000:01E1    62 0000:01E2    63 0000:01E3
    64 0000:01E4    65 0000:01E5    69 0000:01E6    70 0000:01E7
    71 0000:01E8    72 0000:01E9    74 0000:01EA    75 0000:01ED
    76 0000:01F0    78 0000:01F3    79 0000:01F6    80 0000:01F9
    81 0000:01FC    82 0000:01FE    85 0000:0200    86 0000:0201
    87 0000:0202    88 0000:0203    89 0000:0204    93 0000:0205
    94 0000:0207    95 0000:020A    96 0000:020C    97 0000:020F
    98 0000:0211   100 0000:0214   101 0000:0217   102 0000:0218
   103 0000:0219   107 0000:021A   108 0000:021B   109 0000:021D
   111 0000:021E   114 0000:0221   115 0000:0224   116 0000:0226
   117 0000:0229   118 0000:022B   119 0000:022E   120 0000:0230
   122 0000:0233   123 0000:0236   124 0000:0239   125 0000:023C
   127 0000:023D   128 0000:023E   132 0000:023F   133 0000:0240
   134 0000:0241   135 0000:0243   137 0000:0245   140 0000:0247
   141 0000:0249   142 0000:024B   143 0000:024D   144 0000:024F
   145 0000:0252   146 0000:0254   147 0000:0256   148 0000:0257
   151 0000:0259   152 0000:025B   153 0000:025C   154 0000:025D
   158 0000:025E   159 0000:0261   160 0000:0263   161 0000:0266
   163 0000:0267   164 0000:026A   168 0000:026B   169 0000:026C
   171 0000:026D   172 0000:026F   174 0000:0271   175 0000:0272
   176 0000:0273   178 0000:0275   179 0000:0277   180 0000:0279
   182 0000:027A   183 0000:027B   184 0000:027C   188 0000:027D
   189 0000:027E   190 0000:027F   191 0000:0280   193 0000:0281
   195 0000:0284   197 0000:0286   199 0000:0288   202 0000:0289
   203 0000:028A   204 0000:028C   205 0000:028E   206 0000:0290
   207 0000:0292   210 0000:0294   211 0000:0295   213 0000:0297
   214 0000:0298   215 0000:0299   216 0000:029A   217 0000:029B
   221 0000:029C   222 0000:029D   223 0000:029E   226 0000:029F
   227 0000:02A1   229 0000:02A2   230 0000:02A3   231 0000:02A5
   235 0000:02A6   236 0000:02A7   237 0000:02A8   238 0000:02AA
   240 0000:02AC   241 0000:02AD   242 0000:02AE   243 0000:02AF
Program entry point at 0000:0000

