Warning: DOSSEG directive ignored in module MAIN.ASM
Warning: DOSSEG directive ignored in module MCD.ASM
Warning: DOSSEG directive ignored in module STR_IO.ASM
Warning: DOSSEG directive ignored in module FUNC.ASM
Warning: DOSSEG directive ignored in module ITOA.ASM

 Start  Stop   Length Name               Class

 00000H 001FEH 001FFH _TEXT              CODE
 00200H 00253H 00054H _DATA              DATA
 00260H 0035FH 00100H STACK              STACK


Detailed map of segments

 0000:0000 003D C=CODE   S=_TEXT          G=(none)   M=MAIN.ASM   ACBP=48
 0000:003E 0014 C=CODE   S=_TEXT          G=(none)   M=MCD.ASM    ACBP=48
 0000:0052 005D C=CODE   S=_TEXT          G=(none)   M=STR_IO.ASM ACBP=48
 0000:00B0 00EA C=CODE   S=_TEXT          G=(none)   M=FUNC.ASM   ACBP=48
 0000:019A 0065 C=CODE   S=_TEXT          G=(none)   M=ITOA.ASM   ACBP=48
 0020:0000 0053 C=DATA   S=_DATA          G=DGROUP  M=MAIN.ASM   ACBP=48
 0020:0054 0000 C=DATA   S=_DATA          G=DGROUP  M=MCD.ASM    ACBP=48
 0020:0054 0000 C=DATA   S=_DATA          G=DGROUP  M=STR_IO.ASM ACBP=48
 0020:0054 0000 C=DATA   S=_DATA          G=DGROUP  M=FUNC.ASM   ACBP=48
 0020:0054 0000 C=DATA   S=_DATA          G=DGROUP  M=ITOA.ASM   ACBP=48
 0020:0060 0100 C=STACK  S=STACK          G=DGROUP  M=MAIN.ASM   ACBP=74

  Address         Publics by Name

 0000:00E4       AATOI
 0000:0066       AGETS
 0000:0052       APUTS
 0000:013D idle  ATOU
 0000:019A       ITOA
 0000:003E       MCD
 0000:0118 idle  OBTENBASE
 0000:00B0       SSCAN
 0000:01BE idle  ULTOA
 0000:015C idle  VALC

  Address         Publics by Value

 0000:003E       MCD
 0000:0052       APUTS
 0000:0066       AGETS
 0000:00B0       SSCAN
 0000:00E4       AATOI
 0000:0118 idle  OBTENBASE
 0000:013D idle  ATOU
 0000:015C idle  VALC
 0000:019A       ITOA
 0000:01BE idle  ULTOA

Line numbers for main.obj(MAIN.ASM) segment _TEXT

    20 0000:0000    21 0000:0003    22 0000:0005    25 0000:0007
    26 0000:000A    29 0000:000D    30 0000:0010    31 0000:0013
    34 0000:0016    35 0000:0019    39 0000:001C    40 0000:001F
    43 0000:0022    44 0000:0025    47 0000:0028    50 0000:002A
    51 0000:002D    54 0000:0030    55 0000:0033    58 0000:0036
    59 0000:0038    60 0000:003B
Line numbers for mcd.obj(MCD.ASM) segment _TEXT

    10 0000:003E    11 0000:003F    17 0000:0040    18 0000:0043
    21 0000:0045    22 0000:0047    25 0000:0049    26 0000:004B
    28 0000:004D    31 0000:004F    32 0000:0050    33 0000:0051
Line numbers for str_io.obj(STR_IO.ASM) segment _TEXT

    14 0000:0052    15 0000:0053    16 0000:0054    19 0000:0055
    20 0000:0056    21 0000:0058    23 0000:005A    24 0000:005C
    25 0000:005E    27 0000:0060    30 0000:0062    31 0000:0063
    32 0000:0064    33 0000:0065    39 0000:0066    40 0000:0067
    41 0000:0068    42 0000:0069    43 0000:006A    45 0000:006B
    46 0000:006D    49 0000:006E    50 0000:0070    53 0000:0072
    54 0000:0074    57 0000:0076    58 0000:0078    61 0000:007A
    64 0000:007C    65 0000:007D    68 0000:007E    69 0000:0080
    70 0000:0082    72 0000:0084    76 0000:0086    77 0000:0088
    80 0000:008A    81 0000:008B    84 0000:008C    85 0000:008E
    86 0000:0090    87 0000:0092    88 0000:0094    89 0000:0096
    90 0000:0098    92 0000:009A    95 0000:009C    96 0000:009E
    99 0000:009F   100 0000:00A1   101 0000:00A3   102 0000:00A5
   103 0000:00A7   105 0000:00A9   106 0000:00AA   107 0000:00AB
   108 0000:00AC   109 0000:00AD   110 0000:00AE
Line numbers for func.obj(FUNC.ASM) segment _TEXT

    12 0000:00B0    13 0000:00B1    14 0000:00B2    16 0000:00B3
    20 0000:00B5    23 0000:00B7    24 0000:00B9    25 0000:00BB
    26 0000:00BD    27 0000:00BF    28 0000:00C1    29 0000:00C3
    30 0000:00C5    33 0000:00C7    34 0000:00C8    38 0000:00CA
    40 0000:00CC    42 0000:00CE    45 0000:00CF    48 0000:00D2
    49 0000:00D5    52 0000:00D6    53 0000:00D9    54 0000:00DC
    57 0000:00DE    58 0000:00DF    62 0000:00E0    63 0000:00E1
    64 0000:00E2    65 0000:00E3    69 0000:00E4    70 0000:00E5
    71 0000:00E6    72 0000:00E7    74 0000:00E8    75 0000:00EB
    76 0000:00EE    78 0000:00F1    79 0000:00F4    80 0000:00F7
    81 0000:00FA    82 0000:00FC    85 0000:00FE    86 0000:00FF
    87 0000:0100    88 0000:0101    89 0000:0102    93 0000:0103
    94 0000:0105    95 0000:0108    96 0000:010A    97 0000:010D
    98 0000:010F   100 0000:0112   101 0000:0115   102 0000:0116
   103 0000:0117   107 0000:0118   108 0000:0119   109 0000:011B
   111 0000:011C   114 0000:011F   115 0000:0122   116 0000:0124
   117 0000:0127   118 0000:0129   119 0000:012C   120 0000:012E
   122 0000:0131   123 0000:0134   124 0000:0137   125 0000:013A
   127 0000:013B   128 0000:013C   132 0000:013D   133 0000:013E
   134 0000:013F   135 0000:0141   137 0000:0143   140 0000:0145
   141 0000:0147   142 0000:0149   143 0000:014B   144 0000:014D
   145 0000:0150   146 0000:0152   147 0000:0154   148 0000:0155
   151 0000:0157   152 0000:0159   153 0000:015A   154 0000:015B
   158 0000:015C   159 0000:015F   160 0000:0161   161 0000:0164
   163 0000:0165   164 0000:0168   168 0000:0169   169 0000:016A
   171 0000:016B   172 0000:016D   174 0000:016F   175 0000:0170
   176 0000:0171   178 0000:0173   179 0000:0175   180 0000:0177
   182 0000:0178   183 0000:0179   184 0000:017A   188 0000:017B
   189 0000:017C   190 0000:017D   191 0000:017E   193 0000:017F
   195 0000:0182   197 0000:0184   199 0000:0186   202 0000:0187
   203 0000:0188   204 0000:018A   205 0000:018C   206 0000:018E
   207 0000:0190   210 0000:0192   211 0000:0193   213 0000:0195
   214 0000:0196   215 0000:0197   216 0000:0198   217 0000:0199
Line numbers for itoa.obj(ITOA.ASM) segment _TEXT

    15 0000:019A    16 0000:019B    17 0000:019C    18 0000:019D
    19 0000:019E    20 0000:019F    23 0000:01A0    24 0000:01A4
    27 0000:01A6    28 0000:01A9    31 0000:01AA    32 0000:01AC
    33 0000:01AE    34 0000:01B1    37 0000:01B4    39 0000:01B7
    40 0000:01B8    41 0000:01B9    42 0000:01BA    43 0000:01BB
    44 0000:01BC    45 0000:01BD    53 0000:01BE    54 0000:01BF
    55 0000:01C0    56 0000:01C1    57 0000:01C2    58 0000:01C3
    60 0000:01C4    61 0000:01C7    64 0000:01C9    65 0000:01CB
    66 0000:01CD    67 0000:01CF    68 0000:01D2    69 0000:01D3
    74 0000:01D6    75 0000:01D7    76 0000:01D9    77 0000:01DB
    79 0000:01DD    80 0000:01DF    81 0000:01E0    84 0000:01E2
    85 0000:01E3    88 0000:01E4    92 0000:01E6    93 0000:01E8
    94 0000:01EA    98 0000:01EC    99 0000:01ED   100 0000:01F0
   101 0000:01F2   102 0000:01F3   105 0000:01F5   107 0000:01F8
   108 0000:01F9   109 0000:01FA   110 0000:01FB   111 0000:01FC
   112 0000:01FD   113 0000:01FE
Program entry point at 0000:0000

