Warning: DOSSEG directive ignored in module MAIN_TRI.ASM
Warning: DOSSEG directive ignored in module TRIANG.ASM
Warning: DOSSEG directive ignored in module STR_IO.ASM
Warning: DOSSEG directive ignored in module FUNC.ASM

 Start  Stop   Length Name               Class

 00000H 00233H 00234H _TEXT              CODE
 00240H 002C3H 00084H _DATA              DATA
 002D0H 003CFH 00100H STACK              STACK


Detailed map of segments

 0000:0000 009D C=CODE   S=_TEXT          G=(none)   M=MAIN_TRI.ASM ACBP=48
 0000:009E 0039 C=CODE   S=_TEXT          G=(none)   M=TRIANG.ASM ACBP=48
 0000:00D8 005D C=CODE   S=_TEXT          G=(none)   M=STR_IO.ASM ACBP=48
 0000:0136 00FE C=CODE   S=_TEXT          G=(none)   M=FUNC.ASM   ACBP=48
 0024:0000 0083 C=DATA   S=_DATA          G=DGROUP  M=MAIN_TRI.ASM ACBP=48
 0024:0084 0000 C=DATA   S=_DATA          G=DGROUP  M=TRIANG.ASM ACBP=48
 0024:0084 0000 C=DATA   S=_DATA          G=DGROUP  M=STR_IO.ASM ACBP=48
 0024:0084 0000 C=DATA   S=_DATA          G=DGROUP  M=FUNC.ASM   ACBP=48
 0024:0090 0100 C=STACK  S=STACK          G=DGROUP  M=MAIN_TRI.ASM ACBP=74

  Address         Publics by Name

 0000:016A       AATOI
 0000:00EC       AGETS
 0000:00D8       APUTS
 0000:0220 idle  ASTRCAT
 0000:01C3 idle  ATOU
 0000:019E idle  OBTENBASE
 0000:009E       ORDENAR
 0000:0136 idle  SSCAN
 0000:00AF       TRIANG
 0000:01E2 idle  VALC

  Address         Publics by Value

 0000:009E       ORDENAR
 0000:00AF       TRIANG
 0000:00D8       APUTS
 0000:00EC       AGETS
 0000:0136 idle  SSCAN
 0000:016A       AATOI
 0000:019E idle  OBTENBASE
 0000:01C3 idle  ATOU
 0000:01E2 idle  VALC
 0000:0220 idle  ASTRCAT

Line numbers for main_tri.obj(MAIN_TRI.ASM) segment _TEXT

    34 0000:0000    35 0000:0003    36 0000:0005    39 0000:0007
    40 0000:000A    41 0000:000D    42 0000:0010    43 0000:0013
    46 0000:0016    47 0000:0019    48 0000:001C    51 0000:001F
    52 0000:0022    53 0000:0025    54 0000:0028    55 0000:002B
    58 0000:002E    59 0000:0031    60 0000:0034    63 0000:0037
    64 0000:003A    65 0000:003D    66 0000:0040    67 0000:0043
    70 0000:0046    71 0000:0049    72 0000:004C    75 0000:004F
    76 0000:0052    77 0000:0056    79 0000:005A    80 0000:005D
    83 0000:0060    86 0000:0061    87 0000:0064    90 0000:0067
    93 0000:0068    94 0000:006A    95 0000:006C    96 0000:006E
    97 0000:0070    98 0000:0072    99 0000:0074   100 0000:0076
   101 0000:0078   104 0000:007B   105 0000:007E   107 0000:0081
   108 0000:0084   110 0000:0087   111 0000:008A   113 0000:008D
   114 0000:0090   117 0000:0093   121 0000:0096   122 0000:0098
   123 0000:009B
Line numbers for triang.obj(TRIANG.ASM) segment _TEXT

    12 0000:009E    13 0000:00A0    14 0000:00A2    18 0000:00A3
    19 0000:00A5    20 0000:00A7    24 0000:00A9    25 0000:00AB
    26 0000:00AD    28 0000:00AE    35 0000:00AF    38 0000:00B0
    39 0000:00B1    40 0000:00B3    41 0000:00B5    43 0000:00B6
    46 0000:00B8    47 0000:00BA    52 0000:00BD    53 0000:00BF
    54 0000:00C1    55 0000:00C3    59 0000:00C6    60 0000:00C8
    61 0000:00CA    62 0000:00CC    65 0000:00CE    66 0000:00D0
    69 0000:00D3    72 0000:00D5    73 0000:00D6
Line numbers for str_io.obj(STR_IO.ASM) segment _TEXT

    11 0000:00D8    12 0000:00D9    13 0000:00DA    16 0000:00DB
    17 0000:00DC    18 0000:00DE    20 0000:00E0    21 0000:00E2
    22 0000:00E4    24 0000:00E6    27 0000:00E8    28 0000:00E9
    29 0000:00EA    30 0000:00EB    36 0000:00EC    37 0000:00ED
    38 0000:00EE    39 0000:00EF    40 0000:00F0    42 0000:00F1
    43 0000:00F3    46 0000:00F4    47 0000:00F6    50 0000:00F8
    51 0000:00FA    54 0000:00FC    55 0000:00FE    58 0000:0100
    61 0000:0102    62 0000:0103    65 0000:0104    66 0000:0106
    67 0000:0108    69 0000:010A    73 0000:010C    74 0000:010E
    77 0000:0110    78 0000:0111    81 0000:0112    82 0000:0114
    83 0000:0116    84 0000:0118    85 0000:011A    86 0000:011C
    87 0000:011E    89 0000:0120    92 0000:0122    93 0000:0124
    96 0000:0125    97 0000:0127    98 0000:0129    99 0000:012B
   100 0000:012D   102 0000:012F   103 0000:0130   104 0000:0131
   105 0000:0132   106 0000:0133   107 0000:0134
Line numbers for func.obj(FUNC.ASM) segment _TEXT

    12 0000:0136    13 0000:0137    14 0000:0138    16 0000:0139
    20 0000:013B    23 0000:013D    24 0000:013F    25 0000:0141
    26 0000:0143    27 0000:0145    28 0000:0147    29 0000:0149
    30 0000:014B    33 0000:014D    34 0000:014E    38 0000:0150
    40 0000:0152    42 0000:0154    45 0000:0155    48 0000:0158
    49 0000:015B    52 0000:015C    53 0000:015F    54 0000:0162
    57 0000:0164    58 0000:0165    62 0000:0166    63 0000:0167
    64 0000:0168    65 0000:0169    69 0000:016A    70 0000:016B
    71 0000:016C    72 0000:016D    74 0000:016E    75 0000:0171
    76 0000:0174    78 0000:0177    79 0000:017A    80 0000:017D
    81 0000:0180    82 0000:0182    85 0000:0184    86 0000:0185
    87 0000:0186    88 0000:0187    89 0000:0188    93 0000:0189
    94 0000:018B    95 0000:018E    96 0000:0190    97 0000:0193
    98 0000:0195   100 0000:0198   101 0000:019B   102 0000:019C
   103 0000:019D   107 0000:019E   108 0000:019F   109 0000:01A1
   111 0000:01A2   114 0000:01A5   115 0000:01A8   116 0000:01AA
   117 0000:01AD   118 0000:01AF   119 0000:01B2   120 0000:01B4
   122 0000:01B7   123 0000:01BA   124 0000:01BD   125 0000:01C0
   127 0000:01C1   128 0000:01C2   132 0000:01C3   133 0000:01C4
   134 0000:01C5   135 0000:01C7   137 0000:01C9   140 0000:01CB
   141 0000:01CD   142 0000:01CF   143 0000:01D1   144 0000:01D3
   145 0000:01D6   146 0000:01D8   147 0000:01DA   148 0000:01DB
   151 0000:01DD   152 0000:01DF   153 0000:01E0   154 0000:01E1
   158 0000:01E2   159 0000:01E5   160 0000:01E7   161 0000:01EA
   163 0000:01EB   164 0000:01EE   168 0000:01EF   169 0000:01F0
   171 0000:01F1   172 0000:01F3   174 0000:01F5   175 0000:01F6
   176 0000:01F7   178 0000:01F9   179 0000:01FB   180 0000:01FD
   182 0000:01FE   183 0000:01FF   184 0000:0200   188 0000:0201
   189 0000:0202   190 0000:0203   191 0000:0204   193 0000:0205
   195 0000:0208   197 0000:020A   199 0000:020C   202 0000:020D
   203 0000:020E   204 0000:0210   205 0000:0212   206 0000:0214
   207 0000:0216   210 0000:0218   211 0000:0219   213 0000:021B
   214 0000:021C   215 0000:021D   216 0000:021E   217 0000:021F
   221 0000:0220   222 0000:0221   223 0000:0222   226 0000:0223
   227 0000:0225   229 0000:0226   230 0000:0227   231 0000:0229
   235 0000:022A   236 0000:022B   237 0000:022C   238 0000:022E
   240 0000:0230   241 0000:0231   242 0000:0232   243 0000:0233
Program entry point at 0000:0000

