Warning: DOSSEG directive ignored in module MAIN.ASM
Warning: DOSSEG directive ignored in module STR_IO.ASM
Warning: DOSSEG directive ignored in module ITOA.ASM
Warning: DOSSEG directive ignored in module FUNC.ASM

 Start  Stop   Length Name               Class

 00000H 002F7H 002F8H _TEXT              CODE
 00300H 0038DH 0008EH _DATA              DATA
 00390H 0048FH 00100H STACK              STACK


Detailed map of segments

 0000:0000 00AA C=CODE   S=_TEXT          G=(none)   M=MAIN.ASM   ACBP=48
 0000:00AA 005D C=CODE   S=_TEXT          G=(none)   M=STR_IO.ASM ACBP=48
 0000:0108 00F2 C=CODE   S=_TEXT          G=(none)   M=ITOA.ASM   ACBP=48
 0000:01FA 00FE C=CODE   S=_TEXT          G=(none)   M=FUNC.ASM   ACBP=48
 0030:0000 008D C=DATA   S=_DATA          G=DGROUP  M=MAIN.ASM   ACBP=48
 0030:008E 0000 C=DATA   S=_DATA          G=DGROUP  M=STR_IO.ASM ACBP=48
 0030:008E 0000 C=DATA   S=_DATA          G=DGROUP  M=ITOA.ASM   ACBP=48
 0030:008E 0000 C=DATA   S=_DATA          G=DGROUP  M=FUNC.ASM   ACBP=48
 0030:0090 0100 C=STACK  S=STACK          G=DGROUP  M=MAIN.ASM   ACBP=74

  Address         Publics by Name

 0000:022E idle  AATOI
 0000:00BE       AGETS
 0000:00AA       APUTS
 0000:02E4       ASTRCAT
 0000:0287 idle  ATOU
 0000:0108       ITOA
 0000:01B9       ITOA_BIN
 0000:016D       ITOA_HEX
 0000:0262 idle  OBTENBASE
 0000:01FA       SSCAN
 0000:012C idle  ULTOA
 0000:02A6 idle  VALC

  Address         Publics by Value

 0000:00AA       APUTS
 0000:00BE       AGETS
 0000:0108       ITOA
 0000:012C idle  ULTOA
 0000:016D       ITOA_HEX
 0000:01B9       ITOA_BIN
 0000:01FA       SSCAN
 0000:022E idle  AATOI
 0000:0262 idle  OBTENBASE
 0000:0287 idle  ATOU
 0000:02A6 idle  VALC
 0000:02E4       ASTRCAT

Line numbers for main.obj(MAIN.ASM) segment _TEXT

    22 0000:0000    23 0000:0003    24 0000:0005    26 0000:0007
    28 0000:000C    29 0000:000F    32 0000:0012    33 0000:0015
    34 0000:0018    36 0000:001B    37 0000:001E    39 0000:0021
    41 0000:0023    42 0000:0026    44 0000:0028    45 0000:002B
    47 0000:002D    48 0000:0030    51 0000:0032    52 0000:0034
    54 0000:0037    55 0000:0039    57 0000:003C    58 0000:003E
    60 0000:0041    63 0000:0043    64 0000:0046    73 0000:004A
    74 0000:004D    77 0000:0050    78 0000:0053    79 0000:0056
    82 0000:0059    83 0000:005C    86 0000:005F    87 0000:0062
    89 0000:0066    90 0000:0069    92 0000:006C    93 0000:006F
    94 0000:0072    96 0000:0075    97 0000:0078   100 0000:007B
   101 0000:007E   103 0000:0082   104 0000:0085   106 0000:0088
   107 0000:008B   108 0000:008E   110 0000:0091   111 0000:0094
   114 0000:0097   115 0000:009A   117 0000:009D   118 0000:00A0
   121 0000:00A3   122 0000:00A5   123 0000:00A8
Line numbers for str_io.obj(STR_IO.ASM) segment _TEXT

    11 0000:00AA    12 0000:00AB    13 0000:00AC    16 0000:00AD
    17 0000:00AE    18 0000:00B0    20 0000:00B2    21 0000:00B4
    22 0000:00B6    24 0000:00B8    27 0000:00BA    28 0000:00BB
    29 0000:00BC    30 0000:00BD    36 0000:00BE    37 0000:00BF
    38 0000:00C0    39 0000:00C1    40 0000:00C2    42 0000:00C3
    43 0000:00C5    46 0000:00C6    47 0000:00C8    50 0000:00CA
    51 0000:00CC    54 0000:00CE    55 0000:00D0    58 0000:00D2
    61 0000:00D4    62 0000:00D5    65 0000:00D6    66 0000:00D8
    67 0000:00DA    69 0000:00DC    73 0000:00DE    74 0000:00E0
    77 0000:00E2    78 0000:00E3    81 0000:00E4    82 0000:00E6
    83 0000:00E8    84 0000:00EA    85 0000:00EC    86 0000:00EE
    87 0000:00F0    89 0000:00F2    92 0000:00F4    93 0000:00F6
    96 0000:00F7    97 0000:00F9    98 0000:00FB    99 0000:00FD
   100 0000:00FF   102 0000:0101   103 0000:0102   104 0000:0103
   105 0000:0104   106 0000:0105   107 0000:0106
Line numbers for itoa.obj(ITOA.ASM) segment _TEXT

    13 0000:0108    14 0000:0109    15 0000:010A    16 0000:010B
    17 0000:010C    18 0000:010D    21 0000:010E    22 0000:0112
    25 0000:0114    26 0000:0117    29 0000:0118    30 0000:011A
    31 0000:011C    32 0000:011F    35 0000:0122    37 0000:0125
    38 0000:0126    39 0000:0127    40 0000:0128    41 0000:0129
    42 0000:012A    43 0000:012B    51 0000:012C    52 0000:012D
    53 0000:012E    54 0000:012F    55 0000:0130    56 0000:0131
    58 0000:0132    59 0000:0135    62 0000:0137    63 0000:0139
    64 0000:013B    65 0000:013D    66 0000:0140    67 0000:0141
    72 0000:0144    73 0000:0145    74 0000:0147    75 0000:0149
    77 0000:014B    78 0000:014D    79 0000:014E    82 0000:0150
    83 0000:0151    86 0000:0152    90 0000:0154    91 0000:0156
    92 0000:0158    96 0000:015A    97 0000:015B    98 0000:015E
    99 0000:0160   100 0000:0161   103 0000:0163   105 0000:0166
   106 0000:0167   107 0000:0168   108 0000:0169   109 0000:016A
   110 0000:016B   111 0000:016C   117 0000:016D   118 0000:016E
   119 0000:016F   120 0000:0170   121 0000:0171   122 0000:0172
   124 0000:0173   125 0000:0176   128 0000:0178   129 0000:017A
   130 0000:017C   131 0000:017E   132 0000:0181   133 0000:0182
   137 0000:0185   138 0000:0186   139 0000:0188   140 0000:018A
   141 0000:018C   142 0000:018E   143 0000:018F   145 0000:0191
   146 0000:0192   148 0000:0193   149 0000:0195   150 0000:0197
   151 0000:0199   154 0000:019B   155 0000:019C   156 0000:019F
   157 0000:01A1   158 0000:01A4   160 0000:01A7   163 0000:01AA
   164 0000:01AC   165 0000:01AD   168 0000:01AF   170 0000:01B2
   171 0000:01B3   172 0000:01B4   173 0000:01B5   174 0000:01B6
   175 0000:01B7   176 0000:01B8   183 0000:01B9   184 0000:01BA
   185 0000:01BB   186 0000:01BC   187 0000:01BD   188 0000:01BE
   190 0000:01BF   191 0000:01C2   194 0000:01C4   195 0000:01C6
   196 0000:01C8   197 0000:01CA   198 0000:01CD   199 0000:01CE
   202 0000:01D1   203 0000:01D2   204 0000:01D4   205 0000:01D6
   206 0000:01D8   207 0000:01DA   208 0000:01DB   210 0000:01DD
   211 0000:01DE   213 0000:01DF   214 0000:01E1   215 0000:01E3
   216 0000:01E5   219 0000:01E7   220 0000:01E8   221 0000:01EB
   222 0000:01ED   223 0000:01EE   226 0000:01F0   228 0000:01F3
   229 0000:01F4   230 0000:01F5   231 0000:01F6   232 0000:01F7
   233 0000:01F8   234 0000:01F9
Line numbers for func.obj(FUNC.ASM) segment _TEXT

    12 0000:01FA    13 0000:01FB    14 0000:01FC    16 0000:01FD
    20 0000:01FF    23 0000:0201    24 0000:0203    25 0000:0205
    26 0000:0207    27 0000:0209    28 0000:020B    29 0000:020D
    30 0000:020F    33 0000:0211    34 0000:0212    38 0000:0214
    40 0000:0216    42 0000:0218    45 0000:0219    48 0000:021C
    49 0000:021F    52 0000:0220    53 0000:0223    54 0000:0226
    57 0000:0228    58 0000:0229    62 0000:022A    63 0000:022B
    64 0000:022C    65 0000:022D    69 0000:022E    70 0000:022F
    71 0000:0230    72 0000:0231    74 0000:0232    75 0000:0235
    76 0000:0238    78 0000:023B    79 0000:023E    80 0000:0241
    81 0000:0244    82 0000:0246    85 0000:0248    86 0000:0249
    87 0000:024A    88 0000:024B    89 0000:024C    93 0000:024D
    94 0000:024F    95 0000:0252    96 0000:0254    97 0000:0257
    98 0000:0259   100 0000:025C   101 0000:025F   102 0000:0260
   103 0000:0261   107 0000:0262   108 0000:0263   109 0000:0265
   111 0000:0266   114 0000:0269   115 0000:026C   116 0000:026E
   117 0000:0271   118 0000:0273   119 0000:0276   120 0000:0278
   122 0000:027B   123 0000:027E   124 0000:0281   125 0000:0284
   127 0000:0285   128 0000:0286   132 0000:0287   133 0000:0288
   134 0000:0289   135 0000:028B   137 0000:028D   140 0000:028F
   141 0000:0291   142 0000:0293   143 0000:0295   144 0000:0297
   145 0000:029A   146 0000:029C   147 0000:029E   148 0000:029F
   151 0000:02A1   152 0000:02A3   153 0000:02A4   154 0000:02A5
   158 0000:02A6   159 0000:02A9   160 0000:02AB   161 0000:02AE
   163 0000:02AF   164 0000:02B2   168 0000:02B3   169 0000:02B4
   171 0000:02B5   172 0000:02B7   174 0000:02B9   175 0000:02BA
   176 0000:02BB   178 0000:02BD   179 0000:02BF   180 0000:02C1
   182 0000:02C2   183 0000:02C3   184 0000:02C4   188 0000:02C5
   189 0000:02C6   190 0000:02C7   191 0000:02C8   193 0000:02C9
   195 0000:02CC   197 0000:02CE   199 0000:02D0   202 0000:02D1
   203 0000:02D2   204 0000:02D4   205 0000:02D6   206 0000:02D8
   207 0000:02DA   210 0000:02DC   211 0000:02DD   213 0000:02DF
   214 0000:02E0   215 0000:02E1   216 0000:02E2   217 0000:02E3
   223 0000:02E4   224 0000:02E5   225 0000:02E6   228 0000:02E7
   229 0000:02E9   231 0000:02EA   232 0000:02EB   233 0000:02ED
   237 0000:02EE   238 0000:02EF   239 0000:02F0   240 0000:02F2
   242 0000:02F4   243 0000:02F5   244 0000:02F6   245 0000:02F7
Program entry point at 0000:0000

